https://calendar.google.com/calendar/render?action=TEMPLATE&dates=20240125%2F20240201&ctz=Pacific%2FWake&text=All+day+bugs&details=Testing+all+day