https://calendar.google.com/calendar/render?action=TEMPLATE&dates=20180201T090000%2F20180201T180000&ctz=UTC&text=Birthday&details=With+balloons%2C+clowns+and+stuff%0ABring+a+dog%2C+bring+a+frog&location=Party+Lane+1A%2C+1337+Funtown