https://outlook.live.com/calendar/action/compose?path=%2Fcalendar%2Faction%2Fcompose&rru=addevent&startdt=2018-02-01T09%3A00%3A00Z&enddt=2018-02-01T18%3A00%3A00Z&subject=Birthday&body=With+balloons%2C+clowns+and+stuff%0ABring+a+dog%2C+bring+a+frog&location=Party+Lane+1A%2C+1337+Funtown