https://outlook.live.com/calendar/action/compose?path=%2Fcalendar%2Faction%2Fcompose&rru=addevent&startdt=2019-12-31T23%3A00%3A00Z&enddt=2020-01-01T01%3A00%3A00Z&subject=New+Year&body=With+balloons%2C+clowns+and+stuff%0ABring+a+dog%2C+bring+a+frog&location=Party+Lane+1A%2C+1337+Funtown