https://calendar.yahoo.com/?v=60&view=d&type=20&st=20180201T090000Z&et=20180201T180000Z&title=Birthday+Party+%2B1&desc=With+balloons%2C+clowns+and+stuff%0ABring+a+dog%2C+bring+a+frog.%0AThere+will+be+line+breaks+on+it.%0AProject+link+%3Ca+href%3D%22https%3A%2F%2Fgithub.com%2Fspatie%2Fcalendar-links%22%3Ecalendar-links%3C%2Fa%3E%0A%3Cimg+src%3D%22https%3A%2F%2Fgithub-ads.s3.eu-central-1.amazonaws.com%2Fcalendar-links.jpg%3Ft%3D1%22+width%3D%22419px%22+%2F%3E%0A%3Cbr%3E%0AThank+you.%0A&in_loc=Party+Lane+1A%2C+1337+Funtown