https://calendar.yahoo.com/?v=60&view=d&type=20&st=20180201T090000Z&et=20180201T180000Z&title=Birthday&desc=With+balloons%2C+clowns+and+stuff%0ABring+a+dog%2C+bring+a+frog&in_loc=Party+Lane+1A%2C+1337+Funtown