https://calendar.yahoo.com/?v=60&view=d&type=20&st=20191225T230000Z&et=20200101T010000Z&title=Christmas+and+New+Year&desc=Long+event&in_loc=Party+Lane+1A%2C+1337+Funtown